Microchip MPLAB XC8 Compiler V2.45

Linker command line:

-W-3 \
  --edf=C:\Program Files\Microchip\xc8\v2.45\pic\dat\20230818022343_en.msgs \
  -cn -h+dist/default/production\handrex_test.X.production.sym \
  --cmf=dist/default/production\handrex_test.X.production.cmf -z -Q16F690 \
  -oC:\Users\kana\AppData\Local\Temp\xcAsm0k.\driver_tmp_3.o \
  --defsym=__MPLAB_BUILD=1 --fixupoverflow=error \
  -Mdist/default/production/handrex_test.X.production.map \
  --md=C:\Users\kana\AppData\Local\Temp\xcAsm0k.\driver_tmp_0.dat -E1 \
  -ver=XC8 Compiler --acfsm=1493 -AHEAP=0120h-016Fh -pheap=HEAP \
  -ACODE=00h-07FFhx2 -ASTRCODE=00h-0FFFh -ASTRING=00h-0FFhx16 \
  -ACONST=00h-0FFhx16 -AENTRY=00h-0FFhx16 -ACOMMON=070h-07Fh \
  -ABANK0=020h-06Fh -ABANK1=0A0h-0EFh -ABANK2=0120h-016Fh \
  -ARAM=020h-06Fh,0A0h-0EFh,0120h-016Fh \
  -AABS1=020h-07Fh,0A0h-0EFh,0120h-016Fh -ASFR0=00h-01Fh -ASFR1=080h-09Fh \
  -ASFR2=0100h-011Fh -ASFR3=0180h-01EFh -ACONFIG=02007h-02007h -DCONFIG=2 \
  -AIDLOC=02000h-02003h -DIDLOC=2 -AEEDATA=00h-0FFh/02100h \
  -peeprom_data=EEDATA -DEEDATA=2 -DCODE=2 -DSTRCODE=2 -DSTRING=2 -DCONST=2 \
  -DENTRY=2 -preset_vec=00h,intentry=04h,init,end_init -ppowerup=CODE \
  -pcinit=CODE -pfunctab=ENTRY -k \
  C:\Users\kana\AppData\Local\Temp\xcAsm0k.\driver_tmp_12.o \
  dist/default/production\handrex_test.X.production.o 

Object code version is 3.11

Machine type is 16F690



                Name                               Link     Load   Length Selector   Space Scale
C:\Users\kana\AppData\Local\Temp\xcAsm0k.\driver_tmp_12.o
                heap                                120      120       50      120       7
                end_init                              F        F        2        8       0
                reset_vec                             0        0        2        0       0
                config                             2007     2007        1        0       4
dist/default/production\handrex_test.X.production.o
                cinit                                11       11       27        8       0
                intentry                              4        4        B        8       0
                config                             2007     2007        1        0       4
                text45                              E5F      E5F       BA     1CBE       0
                text44                              5C3      5C3      1CF        8       0
                text43                              AF5      AF5       27     15EA       0
                text42                               38       38      333        8       0
                text41                              36B      36B      258        8       0
                text40                              A8A      A8A       22     1514       0
                text39                              DC5      DC5       9A     1B8A       0
                text38                              F19      F19       E7     1E32       0
                text37                              BC2      BC2       44     1784       0
                text36                              B44      B44       3C     1688       0
                text35                              C06      C06       44     180C       0
                text34                              C4A      C4A       44     1894       0
                text33                              9FE      9FE       12     13FC       0
                text32                              D4D      D4D       78     1A9A       0
                text31                              A4C      A4C       1F     1498       0
                text30                              B1C      B1C       28     1638       0
                text29                              A22      A22       15     1444       0
                text28                              C8E      C8E       50     191C       0
                text27                              792      792       67        8       0
                text26                              AD0      AD0       25     15A0       0
                text25                              B80      B80       42     1700       0
                text24                              AAC      AAC       24     1558       0
                text23                              97D      97D        7     12FA       0
                text22                              9D0      9D0        D     13A0       0
                text21                              984      984        7     1308       0
                text20                              959      959        4     12B2       0
                text19                              96D      96D        5     12DA       0
                text18                              95D      95D        4     12BA       0
                text17                              9ED      9ED       11     13DA       0
                text16                              A6B      A6B       1F     14D6       0
                text15                              961      961        4     12C2       0
                text14                              CDE      CDE       6F     19BC       0
                text13                              98B      98B        7     1316       0
                text12                              992      992        7     1324       0
                text11                              9A1      9A1        9     1342       0
                text10                              9AA      9AA        9     1354       0
                text9                               7F9      7F9        7        8       0
                text8                               9DD      9DD       10     13BA       0
                text7                               972      972        5     12E4       0
                text6                               965      965        4     12CA       0
                text5                               A10      A10       12     1420       0
                text4                               A37      A37       15     146E       0
                text3                               9BC      9BC        A     1378       0
                text2                               969      969        4     12D2       0
                text1                               9C6      9C6        A     138C       0
                maintext                            9B3      9B3        9     1366       0
                cstackBANK0                          20       20       4F       20       1
                cstackCOMMON                         70       70        E       70       1
                cstackBANK1                          A0       A0       29       A0       1
                clrtext                             999      999        8     1332       0
                dataBANK1                            DF       DF        6       A0       1
                bssBANK1                             C9       C9       16       A0       1
                bssBANK0                             6F       6F        1       20       1
                strings                             800      800        A     1000       0
                idataBANK1                          977      977        6     12EE       0

TOTAL           Name                               Link     Load   Length     Space
        CLASS   HEAP           
                heap                                120      120       50         7

        CLASS   CODE           
                end_init                              F        F        2         0
                cinit                                11       11       27         0
                intentry                              4        4        B         0
                reset_vec                             0        0        2         0
                text45                              E5F      E5F       BA         0
                text44                              5C3      5C3      1CF         0
                text43                              AF5      AF5       27         0
                text42                               38       38      333         0
                text41                              36B      36B      258         0
                text40                              A8A      A8A       22         0
                text39                              DC5      DC5       9A         0
                text38                              F19      F19       E7         0
                text37                              BC2      BC2       44         0
                text36                              B44      B44       3C         0
                text35                              C06      C06       44         0
                text34                              C4A      C4A       44         0
                text33                              9FE      9FE       12         0
                text32                              D4D      D4D       78         0
                text31                              A4C      A4C       1F         0
                text30                              B1C      B1C       28         0
                text29                              A22      A22       15         0
                text28                              C8E      C8E       50         0
                text27                              792      792       67         0
                text26                              AD0      AD0       25         0
                text25                              B80      B80       42         0
                text24                              AAC      AAC       24         0
                text23                              97D      97D        7         0
                text22                              9D0      9D0        D         0
                text21                              984      984        7         0
                text20                              959      959        4         0
                text19                              96D      96D        5         0
                text18                              95D      95D        4         0
                text17                              9ED      9ED       11         0
                text16                              A6B      A6B       1F         0
                text15                              961      961        4         0
                text14                              CDE      CDE       6F         0
                text13                              98B      98B        7         0
                text12                              992      992        7         0
                text11                              9A1      9A1        9         0
                text10                              9AA      9AA        9         0
                text9                               7F9      7F9        7         0
                text8                               9DD      9DD       10         0
                text7                               972      972        5         0
                text6                               965      965        4         0
                text5                               A10      A10       12         0
                text4                               A37      A37       15         0
                text3                               9BC      9BC        A         0
                text2                               969      969        4         0
                text1                               9C6      9C6        A         0
                maintext                            9B3      9B3        9         0
                clrtext                             999      999        8         0
                idataBANK1                          977      977        6         0

        CLASS   STRCODE        

        CLASS   STRING         
                strings                             800      800        A         0

        CLASS   CONST          

        CLASS   ENTRY          

        CLASS   COMMON         
                cstackCOMMON                         70       70        E         1

        CLASS   BANK0          
                cstackBANK0                          20       20       4F         1
                bssBANK0                             6F       6F        1         1

        CLASS   BANK1          
                cstackBANK1                          A0       A0       29         1
                dataBANK1                            DF       DF        6         1
                bssBANK1                             C9       C9       16         1

        CLASS   BANK2          

        CLASS   RAM            

        CLASS   ABS1           
                abs_s1                               7E       7E        2         1

        CLASS   SFR0           

        CLASS   SFR1           

        CLASS   SFR2           

        CLASS   SFR3           

        CLASS   CONFIG         
                config                             2007     2007        1         4

        CLASS   IDLOC          

        CLASS   EEDATA         

        CLASS   BANK3          

        CLASS   STACK          



SEGMENTS        Name                           Load    Length   Top    Selector   Space  Class     Delta

                reset_vec                      000000  000002  000002         0       0  CODE        2
                intentry                       000004  0007FC  000800         8       0  CODE        2
                cstackBANK0                    000020  000050  000070        20       1  BANK0       1
                cstackCOMMON                   000070  00000E  00007E        70       1  COMMON      1
                cstackBANK1                    0000A0  000045  0000E5        A0       1  BANK1       1
                heap                           000120  000050  000170       120       7  HEAP        1
                strings                        000800  00000A  00080A      1000       0  STRING      2
                text20                         000959  000004  00095D      12B2       0  CODE        2
                text18                         00095D  000004  000961      12BA       0  CODE        2
                text15                         000961  000004  000965      12C2       0  CODE        2
                text6                          000965  000004  000969      12CA       0  CODE        2
                text2                          000969  000004  00096D      12D2       0  CODE        2
                text19                         00096D  000005  000972      12DA       0  CODE        2
                text7                          000972  000005  000977      12E4       0  CODE        2
                idataBANK1                     000977  000006  00097D      12EE       0  CODE        2
                text23                         00097D  000007  000984      12FA       0  CODE        2
                text21                         000984  000007  00098B      1308       0  CODE        2
                text13                         00098B  000007  000992      1316       0  CODE        2
                text12                         000992  000007  000999      1324       0  CODE        2
                clrtext                        000999  000008  0009A1      1332       0  CODE        2
                text11                         0009A1  000009  0009AA      1342       0  CODE        2
                text10                         0009AA  000009  0009B3      1354       0  CODE        2
                maintext                       0009B3  000009  0009BC      1366       0  CODE        2
                text3                          0009BC  00000A  0009C6      1378       0  CODE        2
                text1                          0009C6  00000A  0009D0      138C       0  CODE        2
                text22                         0009D0  00000D  0009DD      13A0       0  CODE        2
                text8                          0009DD  000010  0009ED      13BA       0  CODE        2
                text17                         0009ED  000011  0009FE      13DA       0  CODE        2
                text33                         0009FE  000012  000A10      13FC       0  CODE        2
                text5                          000A10  000012  000A22      1420       0  CODE        2
                text29                         000A22  000015  000A37      1444       0  CODE        2
                text4                          000A37  000015  000A4C      146E       0  CODE        2
                text31                         000A4C  00001F  000A6B      1498       0  CODE        2
                text16                         000A6B  00001F  000A8A      14D6       0  CODE        2
                text40                         000A8A  000022  000AAC      1514       0  CODE        2
                text24                         000AAC  000024  000AD0      1558       0  CODE        2
                text26                         000AD0  000025  000AF5      15A0       0  CODE        2
                text43                         000AF5  000027  000B1C      15EA       0  CODE        2
                text30                         000B1C  000028  000B44      1638       0  CODE        2
                text36                         000B44  00003C  000B80      1688       0  CODE        2
                text25                         000B80  000042  000BC2      1700       0  CODE        2
                text37                         000BC2  000044  000C06      1784       0  CODE        2
                text35                         000C06  000044  000C4A      180C       0  CODE        2
                text34                         000C4A  000044  000C8E      1894       0  CODE        2
                text28                         000C8E  000050  000CDE      191C       0  CODE        2
                text14                         000CDE  00006F  000D4D      19BC       0  CODE        2
                text32                         000D4D  000078  000DC5      1A9A       0  CODE        2
                text39                         000DC5  00009A  000E5F      1B8A       0  CODE        2
                text45                         000E5F  0000BA  000F19      1CBE       0  CODE        2
                text38                         000F19  0000E7  001000      1E32       0  CODE        2


UNUSED ADDRESS RANGES

        Name                Unused          Largest block    Delta
        BANK1            00E5-00EF              B           1
        BANK2            0120-016F             50           1
        CODE             0002-0003              2           2
                         080A-0958            14F
        CONST            0002-0003              2           2
                         080A-0958             F6
        EEDATA           2100-21FF            100           2
        ENTRY            0002-0003              2           2
                         080A-0958             F6
        IDLOC            2000-2003              4           2
        RAM              00E5-00EF              B           1
                         0120-016F             50
        SFR0             0000-001F             20           1
        SFR1             0080-009F             20           1
        SFR2             0100-011F             20           1
        SFR3             0180-01EF             70           1
        STRCODE          0002-0003              2           2
                         080A-0958            14F
        STRING           0002-0003              2           2
                         080A-0958             F6

                                  Symbol Table

?__Umul8_16                             cstackCOMMON 0070
?___awdiv                               cstackCOMMON 0076
?___fladd                               cstackBANK0  004F
?___fldiv                               cstackBANK0  0035
?___flmul                               cstackBANK0  0020
?___flsub                               cstackBANK0  0063
?___fltol                               cstackBANK0  006B
?___lwdiv                               cstackCOMMON 0070
?___wmul                                cstackCOMMON 0070
?___xxtofl                              cstackBANK0  0020
?_calculate_timer_counts                cstackBANK1  00A6
?_get_conversion_result                 cstackBANK0  002E
?_interrupt_caused_by_timer             cstackCOMMON 0070
?_is_adc_conversion_done                cstackCOMMON 0070
?_is_crossing_zero_point                cstackBANK0  0044
?_is_pwr_btn_pressed                    cstackCOMMON 0070
_ADCON0bits                             (abs)        001F
_ADCON1bits                             (abs)        009F
_ADRESH                                 (abs)        001E
_ADRESL                                 (abs)        009E
_ANSEL                                  (abs)        011E
_ANSELHbits                             (abs)        011F
_ANSELbits                              (abs)        011E
_INTCONbits                             (abs)        000B
_IOCAbits                               (abs)        0096
_IOCBbits                               (abs)        0116
_OSCCONbits                             (abs)        008F
_PIE1bits                               (abs)        008C
_PIR1bits                               (abs)        000C
_PORTA                                  (abs)        0005
_PORTAbits                              (abs)        0005
_PORTB                                  (abs)        0006
_PORTC                                  (abs)        0007
_PORTCbits                              (abs)        0007
_T1CONbits                              (abs)        0010
_T2CONbits                              (abs)        0012
_TMR1H                                  (abs)        000F
_TMR1IF                                 (abs)        0060
_TMR1L                                  (abs)        000E
_TMR2                                   (abs)        0011
_TRISA                                  (abs)        0085
_TRISAbits                              (abs)        0085
_TRISB                                  (abs)        0086
_TRISBbits                              (abs)        0086
_TRISC                                  (abs)        0087
_TRISCbits                              (abs)        0087
_WPUAbits                               (abs)        0095
__H__absolute__                         __absolute__ 0000
__Habs1                                 abs1         0000
__Hbank0                                bank0        0000
__Hbank1                                bank1        0000
__Hbank2                                bank2        0000
__Hbank3                                bank3        0000
__HbssBANK0                             bssBANK0     0000
__HbssBANK1                             bssBANK1     0000
__Hcinit                                cinit        0038
__Hclrtext                              clrtext      0000
__Hcode                                 code         0000
__Hcommon                               common       0000
__Hconfig                               config       2008
__HcstackBANK0                          cstackBANK0  0000
__HcstackBANK1                          cstackBANK1  0000
__HcstackBANK2                          cstackBANK2  0000
__HcstackCOMMON                         cstackCOMMON 0000
__HdataBANK1                            dataBANK1    0000
__Heeprom_data                          eeprom_data  0000
__Hend_init                             end_init     0011
__Hfunctab                              functab      0000
__Hheap                                 heap         0170
__HidataBANK1                           idataBANK1   0000
__Hinit                                 init         000F
__Hintentry                             intentry     000F
__Hmaintext                             maintext     0000
__Hpowerup                              powerup      0000
__Hram                                  ram          0000
__Hreset_vec                            reset_vec    0002
__Hsfr0                                 sfr0         0000
__Hsfr1                                 sfr1         0000
__Hsfr2                                 sfr2         0000
__Hsfr3                                 sfr3         0000
__Hspace_0                              (abs)        1000
__Hspace_1                              (abs)        00E5
__Hspace_2                              (abs)        0000
__Hspace_3                              (abs)        0000
__Hspace_4                              (abs)        400F
__Hstack                                stack        0000
__Hstrings                              strings      0000
__Htext                                 text         0000
__L__absolute__                         __absolute__ 0000
__Labs1                                 abs1         0000
__Lbank0                                bank0        0000
__Lbank1                                bank1        0000
__Lbank2                                bank2        0000
__Lbank3                                bank3        0000
__LbssBANK0                             bssBANK0     0000
__LbssBANK1                             bssBANK1     0000
__Lcinit                                cinit        0011
__Lclrtext                              clrtext      0000
__Lcode                                 code         0000
__Lcommon                               common       0000
__Lconfig                               config       0000
__LcstackBANK0                          cstackBANK0  0000
__LcstackBANK1                          cstackBANK1  0000
__LcstackBANK2                          cstackBANK2  0000
__LcstackCOMMON                         cstackCOMMON 0000
__LdataBANK1                            dataBANK1    0000
__Leeprom_data                          eeprom_data  0000
__Lend_init                             end_init     000F
__Lfunctab                              functab      0000
__Lheap                                 heap         0120
__LidataBANK1                           idataBANK1   0000
__Linit                                 init         000F
__Lintentry                             intentry     0004
__Lmaintext                             maintext     0000
__Lpowerup                              powerup      0000
__Lram                                  ram          0000
__Lreset_vec                            reset_vec    0000
__Lsfr0                                 sfr0         0000
__Lsfr1                                 sfr1         0000
__Lsfr2                                 sfr2         0000
__Lsfr3                                 sfr3         0000
__Lspace_0                              (abs)        0000
__Lspace_1                              (abs)        0000
__Lspace_2                              (abs)        0000
__Lspace_3                              (abs)        0000
__Lspace_4                              (abs)        0000
__Lstack                                stack        0000
__Lstrings                              strings      0000
__Ltext                                 text         0000
__S0                                    (abs)        1000
__S1                                    (abs)        00E5
__S3                                    (abs)        0000
__S7                                    (abs)        0170
__Umul8_16                              text43       0AF5
__Umul8_16@multiplicand                 cstackCOMMON 0070
__Umul8_16@multiplier                   cstackCOMMON 0078
__Umul8_16@product                      cstackCOMMON 0074
__Umul8_16@word_mpld                    cstackCOMMON 0076
___awdiv                                text27       0792
___awdiv@counter                        cstackCOMMON 007A
___awdiv@dividend                       cstackCOMMON 0078
___awdiv@divisor                        cstackCOMMON 0076
___awdiv@quotient                       cstackCOMMON 007C
___awdiv@sign                           cstackCOMMON 007B
___fladd                                text41       036B
___fladd@a                              cstackBANK0  0053
___fladd@aexp                           cstackBANK0  0060
___fladd@b                              cstackBANK0  004F
___fladd@bexp                           cstackBANK0  0061
___fladd@grs                            cstackBANK0  0062
___fladd@signs                          cstackBANK0  005F
___fldiv                                text44       05C3
___fldiv@a                              cstackBANK0  0035
___fldiv@aexp                           cstackBANK0  004E
___fldiv@b                              cstackBANK0  0039
___fldiv@bexp                           cstackBANK0  004D
___fldiv@grs                            cstackBANK0  0049
___fldiv@new_exp                        cstackBANK0  0047
___fldiv@rem                            cstackBANK0  0042
___fldiv@sign                           cstackBANK0  0046
___fleq                                 text28       0C8E
___fleq@ff1                             cstackBANK0  0038
___fleq@ff2                             cstackBANK0  003C
___flmul                                text42       0038
___flmul@a                              cstackBANK0  0024
___flmul@aexp                           cstackBANK0  002D
___flmul@b                              cstackBANK0  0020
___flmul@bexp                           cstackBANK0  002E
___flmul@grs                            cstackBANK0  0029
___flmul@prod                           cstackBANK0  002F
___flmul@sign                           cstackBANK0  0028
___flmul@temp                           cstackBANK0  0033
___flsub                                text40       0A8A
___flsub@a                              cstackBANK0  0063
___flsub@b                              cstackBANK0  0067
___fltol                                text39       0DC5
___fltol@exp1                           cstackBANK1  00A5
___fltol@f1                             cstackBANK0  006B
___fltol@sign1                          cstackBANK1  00A4
___heap_hi                              heap         0170
___heap_lo                              heap         0120
___int_sp                               stack        0000
___int_stack_hi                         stack        0000
___int_stack_lo                         stack        0000
___latbits                              (abs)        0001
___lwdiv                                text35       0C06
___lwdiv@counter                        cstackCOMMON 0076
___lwdiv@dividend                       cstackCOMMON 0072
___lwdiv@divisor                        cstackCOMMON 0070
___lwdiv@quotient                       cstackCOMMON 0074
___sp                                   stack        0000
___stack_hi                             stack        0000
___stack_lo                             stack        0000
___stackhi                              (abs)        0000
___stacklo                              (abs)        0000
___wmul                                 text26       0AD0
___wmul@multiplicand                    cstackCOMMON 0072
___wmul@multiplier                      cstackCOMMON 0070
___wmul@product                         cstackCOMMON 0074
___xxtofl                               text45       0E5F
___xxtofl@arg                           cstackBANK0  002A
___xxtofl@exp                           cstackBANK0  0029
___xxtofl@sign                          cstackBANK0  0028
___xxtofl@val                           cstackBANK0  0020
__end_of__Umul8_16                      text43       0B1C
__end_of___awdiv                        text27       07F9
__end_of___fladd                        text41       05C3
__end_of___fldiv                        text44       0792
__end_of___fleq                         text28       0CDE
__end_of___flmul                        text42       036B
__end_of___flsub                        text40       0AAC
__end_of___fltol                        text39       0E5F
__end_of___lwdiv                        text35       0C4A
__end_of___wmul                         text26       0AF5
__end_of___xxtofl                       text45       0F19
__end_of__initialization                cinit        0035
__end_of__stringtab                     strings      0806
__end_of_board_pwr_pulse                text36       0B80
__end_of_calculate_timer_counts         text38       1000
__end_of_engine_pwr_pulse               text31       0A6B
__end_of_get_conversion_result          text25       0BC2
__end_of_global_setup                   text5        0A22
__end_of_interrupt_caused_by_timer      text30       0B44
__end_of_is_adc_conversion_done         text29       0A37
__end_of_is_crossing_zero_point         text24       0AD0
__end_of_is_pwr_btn_pressed             text22       09DD
__end_of_isr                            text14       0D4D
__end_of_main                           maintext     09BC
__end_of_reset_adc_interrupt            text23       0984
__end_of_send_pulse                     text32       0DC5
__end_of_set_full_pwr                   text7        0977
__end_of_set_low_pwr                    text21       098B
__end_of_set_state_according_to_pwr_btn text17       09FE
__end_of_setup_ADC                      text4        0A4C
__end_of_setup_RA1                      text11       09AA
__end_of_setup_RA2                      text10       09B3
__end_of_setup_RB5                      text3        09C6
__end_of_setup_RC2                      text13       0992
__end_of_setup_RC7                      text12       0999
__end_of_setup_engine_managment_ports   text9        0800
__end_of_setup_timer_hardware           text8        09ED
__end_of_sleep_us_thread2               text33       0A10
__end_of_start_adc_conversion           text2        096D
__end_of_start_spectating_zero_crossing text1        09D0
__end_of_start_timer1_us                text37       0C06
__end_of_start_timer2_us                text34       0C8E
__end_of_stop_timer                     text16       0A8A
__end_of_turn_board_off                 text20       095D
__end_of_turn_board_on                  text6        0969
__end_ofboard_pwr_pulse@pulse_shift     strings      080A
__end_ofi1_set_full_pwr                 text19       0972
__end_ofi1_start_adc_conversion         text15       0965
__end_ofi1_turn_board_on                text18       0961
__initialization                        cinit        0011
__pbssBANK0                             bssBANK0     006F
__pbssBANK1                             bssBANK1     00C9
__pcstackBANK0                          cstackBANK0  0020
__pcstackBANK1                          cstackBANK1  00A0
__pcstackBANK2                          cstackBANK2  0000
__pcstackCOMMON                         cstackCOMMON 0070
__pdataBANK1                            dataBANK1    00DF
__pidataBANK1                           idataBANK1   0977
__pintentry                             intentry     0004
__pmaintext                             maintext     09B3
__pstrings                              strings      0800
__ptext1                                text1        09C6
__ptext10                               text10       09AA
__ptext11                               text11       09A1
__ptext12                               text12       0992
__ptext13                               text13       098B
__ptext14                               text14       0CDE
__ptext15                               text15       0961
__ptext16                               text16       0A6B
__ptext17                               text17       09ED
__ptext18                               text18       095D
__ptext19                               text19       096D
__ptext2                                text2        0969
__ptext20                               text20       0959
__ptext21                               text21       0984
__ptext22                               text22       09D0
__ptext23                               text23       097D
__ptext24                               text24       0AAC
__ptext25                               text25       0B80
__ptext26                               text26       0AD0
__ptext27                               text27       0792
__ptext28                               text28       0C8E
__ptext29                               text29       0A22
__ptext3                                text3        09BC
__ptext30                               text30       0B1C
__ptext31                               text31       0A4C
__ptext32                               text32       0D4D
__ptext33                               text33       09FE
__ptext34                               text34       0C4A
__ptext35                               text35       0C06
__ptext36                               text36       0B44
__ptext37                               text37       0BC2
__ptext38                               text38       0F19
__ptext39                               text39       0DC5
__ptext4                                text4        0A37
__ptext40                               text40       0A8A
__ptext41                               text41       036B
__ptext42                               text42       0038
__ptext43                               text43       0AF5
__ptext44                               text44       05C3
__ptext45                               text45       0E5F
__ptext5                                text5        0A10
__ptext6                                text6        0965
__ptext7                                text7        0972
__ptext8                                text8        09DD
__ptext9                                text9        07F9
__stringbase                            strings      0805
__stringtab                             strings      0800
_board_pwr_pulse                        text36       0B44
_calculate_timer_counts                 text38       0F19
_current_lvl                            dataBANK1    00E3
_desired_lvl                            dataBANK1    00E1
_engine_pwr_pulse                       text31       0A4C
_errno                                  bssBANK1     00D3
_get_conversion_result                  text25       0B80
_global_setup                           text5        0A10
_interrupt_caused_by_timer              text30       0B1C
_is_adc_conversion_done                 text29       0A22
_is_adc_conversion_done$445             cstackCOMMON 0074
_is_crossing_zero_point                 text24       0AAC
_is_pwr_btn_pressed                     text22       09D0
_isr                                    text14       0CDE
_main                                   maintext     09B3
_mid_power_shift_is_running             bssBANK1     00DB
_power_lvl                              bssBANK1     00DD
_reset_adc_interrupt                    text23       097D
_send_pulse                             text32       0D4D
_send_pulse$1629                        cstackBANK1  00BE
_set_full_pwr                           text7        0972
_set_low_pwr                            text21       0984
_set_state_according_to_pwr_btn         text17       09ED
_setup_ADC                              text4        0A37
_setup_RA1                              text11       09A1
_setup_RA2                              text10       09AA
_setup_RB5                              text3        09BC
_setup_RC2                              text13       098B
_setup_RC7                              text12       0992
_setup_engine_managment_ports           text9        07F9
_setup_timer_hardware                   text8        09DD
_should_pulse                           bssBANK1     00D9
_should_shift                           dataBANK1    00DF
_sleep_us_thread2                       text33       09FE
_start_adc_conversion                   text2        0969
_start_spectating_zero_crossing         text1        09C6
_start_timer1_us                        text37       0BC2
_start_timer2_us                        text34       0C4A
_stop_timer                             text16       0A6B
_timer1_running                         bssBANK1     00D7
_timer2_running                         bssBANK1     00D5
_turn_board_off                         text20       0959
_turn_board_on                          text6        0965
btemp                                   (abs)        007E
calculate_timer_counts@counts_to_wait   cstackBANK1  00B2
calculate_timer_counts@secs_to_wait     cstackBANK1  00AA
calculate_timer_counts@timer_counts     cstackBANK1  00AE
calculate_timer_counts@us_to_wait       cstackBANK1  00A6
clear_ram0                              clrtext      0999
end_of_initialization                   cinit        0035
get_conversion_result@adc_res           cstackBANK0  0036
get_conversion_result@voltage           cstackBANK0  0032
i1_set_full_pwr                         text19       096D
i1_start_adc_conversion                 text15       0961
i1_turn_board_on                        text18       095D
interrupt_function                      intentry     0004
intlevel0                               functab      0000
intlevel1                               functab      0000
intlevel2                               functab      0000
intlevel3                               functab      0000
intlevel4                               functab      0000
intlevel5                               functab      0000
isr@board_pwr_pulse_should_run          cstackBANK1  00C3
isr@engine_pwr_pulse_should_run         cstackBANK1  00C5
isr@timer_num                           cstackBANK1  00C7
malloc@cur                              bssBANK1     00D1
malloc@end                              bssBANK1     00CF
malloc@lock                             bssBANK1     00C9
reset_vec                               reset_vec    0000
saved_w                                 (abs)        007E
sleep_us_thread2@time                   cstackBANK1  00B8
start                                   init         000F
start_initialization                    cinit        0011
start_timer1_us@time                    cstackBANK1  00B4
start_timer1_us@timer_counts            cstackBANK1  00B6
start_timer2_us@time                    cstackBANK1  00B4
start_timer2_us@timer_counts            cstackBANK1  00B6
stop_timer@timer_num                    cstackCOMMON 0070
wtemp0                                  (abs)        007E


MODULE INFORMATION

Module		Function		Class		Link	Load	Size
task6/engine_manage.c
		_engine_pwr_pulse		CODE           	0A4C	0000	31
		_send_pulse    		CODE           	0D4D	0000	120
		_setup_RA1     		CODE           	09A1	0000	9
		_setup_RA2     		CODE           	09AA	0000	9
		_setup_engine_managment_ports		CODE           	07F9	0000	7

task6/engine_manage.c estimated size: 176

C:\Program Files\Microchip\xc8\v2.45\pic\sources\c99\common\Umul16.c
		___wmul        		CODE           	0AD0	0000	37

C:\Program Files\Microchip\xc8\v2.45\pic\sources\c99\common\Umul16.c estimated size: 37

task4/state_change.c
		_turn_board_on 		CODE           	0965	0000	4
		_turn_board_off		CODE           	0959	0000	4

task4/state_change.c estimated size: 8

C:\Program Files\Microchip\xc8\v2.45\pic\sources\c99\common\fleq.c
		___fleq        		CODE           	0C8E	0000	80

C:\Program Files\Microchip\xc8\v2.45\pic\sources\c99\common\fleq.c estimated size: 80

task5/pwr_btn_control.c
		_set_state_according_to_pwr_btn		CODE           	09ED	0000	17
		_is_pwr_btn_pressed		CODE           	09D0	0000	13
		_setup_RC2     		CODE           	098B	0000	7

task5/pwr_btn_control.c estimated size: 37

C:\Program Files\Microchip\xc8\v2.45\pic\sources\c99\common\sprcmul.c
		___flmul       		CODE           	0038	0000	819

C:\Program Files\Microchip\xc8\v2.45\pic\sources\c99\common\sprcmul.c estimated size: 819

C:\Program Files\Microchip\xc8\v2.45\pic\sources\c99\common\sprcdiv.c
		___fldiv       		CODE           	05C3	0000	463

C:\Program Files\Microchip\xc8\v2.45\pic\sources\c99\common\sprcdiv.c estimated size: 463

task3/adjust_power.c
		_set_low_pwr   		CODE           	0984	0000	7
		_set_full_pwr  		CODE           	0972	0000	5
		_setup_RC7     		CODE           	0992	0000	7
		_board_pwr_pulse		CODE           	0B44	0000	60

task3/adjust_power.c estimated size: 79

shared
		i1_turn_board_on		CODE           	095D	0000	4
		__stringtab    		STRING         	0800	0000	6
		board_pwr_pulse@pulse_shift		STRING         	0000	0000	0
		i1_set_full_pwr		CODE           	096D	0000	5
		__initialization		CODE           	0011	0000	36
		i1_start_adc_conversion		CODE           	0961	0000	4

shared estimated size: 55

C:\Program Files\Microchip\xc8\v2.45\pic\sources\c99\common\xxtofl.c
		___xxtofl      		CODE           	0E5F	0000	186

C:\Program Files\Microchip\xc8\v2.45\pic\sources\c99\common\xxtofl.c estimated size: 186

general.c
		_interrupt_caused_by_timer		CODE           	0B1C	0000	40
		_setup_timer_hardware		CODE           	09DD	0000	16
		_stop_timer    		CODE           	0A6B	0000	31
		_start_timer1_us		CODE           	0BC2	0000	68
		_start_timer2_us		CODE           	0C4A	0000	68
		_sleep_us_thread2		CODE           	09FE	0000	18
		_calculate_timer_counts		CODE           	0F19	0000	231

general.c estimated size: 472

C:\Program Files\Microchip\xc8\v2.45\pic\sources\c99\common\Umul8_16.c
		__Umul8_16     		CODE           	0AF5	0000	39

C:\Program Files\Microchip\xc8\v2.45\pic\sources\c99\common\Umul8_16.c estimated size: 39

C:\Program Files\Microchip\xc8\v2.45\pic\sources\c99\common\sprcadd.c
		___flsub       		CODE           	0A8A	0000	34
		___fladd       		CODE           	036B	0000	600

C:\Program Files\Microchip\xc8\v2.45\pic\sources\c99\common\sprcadd.c estimated size: 634

main.c
		_main          		CODE           	09B3	0000	9
		_isr           		CODE           	0CDE	0000	111
		_global_setup  		CODE           	0A10	0000	18

main.c estimated size: 138

task2/zero_crossing.c
		_start_adc_conversion		CODE           	0969	0000	4
		_setup_ADC     		CODE           	0A37	0000	21
		_reset_adc_interrupt		CODE           	097D	0000	7
		_get_conversion_result		CODE           	0B80	0000	66
		_is_crossing_zero_point		CODE           	0AAC	0000	36
		_start_spectating_zero_crossing		CODE           	09C6	0000	10
		_is_adc_conversion_done		CODE           	0A22	0000	21
		_setup_RB5     		CODE           	09BC	0000	10

task2/zero_crossing.c estimated size: 175

C:\Program Files\Microchip\xc8\v2.45\pic\sources\c99\common\lwdiv.c
		___lwdiv       		CODE           	0C06	0000	68

C:\Program Files\Microchip\xc8\v2.45\pic\sources\c99\common\lwdiv.c estimated size: 68

C:\Program Files\Microchip\xc8\v2.45\pic\sources\c99\common\awdiv.c
		___awdiv       		CODE           	0792	0000	103

C:\Program Files\Microchip\xc8\v2.45\pic\sources\c99\common\awdiv.c estimated size: 103

C:\Program Files\Microchip\xc8\v2.45\pic\sources\c99\common\fltol.c
		___fltol       		CODE           	0DC5	0000	154

C:\Program Files\Microchip\xc8\v2.45\pic\sources\c99\common\fltol.c estimated size: 154

