Microchip MPLAB XC8 Compiler V2.45

Linker command line:

-W-3 \
  --edf=C:\Program Files\Microchip\xc8\v2.45\pic\dat\20230818022343_en.msgs \
  -cn -h+dist/default/production\handrex_test.X.production.sym \
  --cmf=dist/default/production\handrex_test.X.production.cmf -z -Q16F690 \
  -oC:\Users\kana\AppData\Local\Temp\xcAso50.\driver_tmp_3.o \
  --defsym=__MPLAB_BUILD=1 --fixupoverflow=error \
  -Mdist/default/production/handrex_test.X.production.map \
  --md=C:\Users\kana\AppData\Local\Temp\xcAso50.\driver_tmp_0.dat -E1 \
  -ver=XC8 Compiler --acfsm=1493 -AHEAP=0A0h-0EFh -pheap=HEAP \
  -ACODE=00h-07FFhx2 -ASTRCODE=00h-0FFFh -ASTRING=00h-0FFhx16 \
  -ACONST=00h-0FFhx16 -AENTRY=00h-0FFhx16 -ACOMMON=070h-07Fh \
  -ABANK0=020h-06Fh -ABANK1=0A0h-0EFh -ABANK2=0120h-016Fh \
  -ARAM=020h-06Fh,0A0h-0EFh,0120h-016Fh \
  -AABS1=020h-07Fh,0A0h-0EFh,0120h-016Fh -ASFR0=00h-01Fh -ASFR1=080h-09Fh \
  -ASFR2=0100h-011Fh -ASFR3=0180h-01EFh -ACONFIG=02007h-02007h -DCONFIG=2 \
  -AIDLOC=02000h-02003h -DIDLOC=2 -AEEDATA=00h-0FFh/02100h \
  -peeprom_data=EEDATA -DEEDATA=2 -DCODE=2 -DSTRCODE=2 -DSTRING=2 -DCONST=2 \
  -DENTRY=2 -preset_vec=00h,intentry=04h,init,end_init -ppowerup=CODE \
  -pcinit=CODE -pfunctab=ENTRY -k \
  C:\Users\kana\AppData\Local\Temp\xcAso50.\driver_tmp_12.o \
  dist/default/production\handrex_test.X.production.o 

Object code version is 3.11

Machine type is 16F690



                Name                               Link     Load   Length Selector   Space Scale
C:\Users\kana\AppData\Local\Temp\xcAso50.\driver_tmp_12.o
                heap                                 A0       A0       50       A0       7
                end_init                              F        F        2        8       0
                reset_vec                             0        0        2        0       0
                config                             2007     2007        1        0       4
dist/default/production\handrex_test.X.production.o
                cinit                                11       11       12        8       0
                intentry                              4        4        B        8       0
                config                             2007     2007        1        0       4
                text13                              124      124       44        8       0
                text12                              168      168       25        8       0
                text11                               23       23       BA        8       0
                text10                               DD       DD       47        8       0
                text9                               1BF      1BF       15        8       0
                text8                               1F1      1F1        7        8       0
                text7                               1FC      1FC        4        8       0
                text6                               18D      18D       1D        8       0
                text5                               200      200        2        8       0
                text4                               1AA      1AA       15        8       0
                text3                               1DE      1DE        A        8       0
                text2                               1F8      1F8        4        8       0
                text1                               1D4      1D4        A        8       0
                maintext                            1E8      1E8        9        8       0
                cstackBANK0                          20       20       1F       20       1
                cstackCOMMON                         70       70        D       70       1
                bssBANK0                             3F       3F        C       20       1
                bssCOMMON                            7D       7D        1       70       1

TOTAL           Name                               Link     Load   Length     Space
        CLASS   HEAP           
                heap                                 A0       A0       50         7

        CLASS   CODE           
                end_init                              F        F        2         0
                cinit                                11       11       12         0
                intentry                              4        4        B         0
                reset_vec                             0        0        2         0
                text13                              124      124       44         0
                text12                              168      168       25         0
                text11                               23       23       BA         0
                text10                               DD       DD       47         0
                text9                               1BF      1BF       15         0
                text8                               1F1      1F1        7         0
                text7                               1FC      1FC        4         0
                text6                               18D      18D       1D         0
                text5                               200      200        2         0
                text4                               1AA      1AA       15         0
                text3                               1DE      1DE        A         0
                text2                               1F8      1F8        4         0
                text1                               1D4      1D4        A         0
                maintext                            1E8      1E8        9         0

        CLASS   STRCODE        

        CLASS   STRING         

        CLASS   CONST          

        CLASS   ENTRY          

        CLASS   COMMON         
                cstackCOMMON                         70       70        D         1
                bssCOMMON                            7D       7D        1         1

        CLASS   BANK0          
                cstackBANK0                          20       20       1F         1
                bssBANK0                             3F       3F        C         1

        CLASS   BANK1          

        CLASS   BANK2          

        CLASS   RAM            

        CLASS   ABS1           
                abs_s1                               7E       7E        2         1

        CLASS   SFR0           

        CLASS   SFR1           

        CLASS   SFR2           

        CLASS   SFR3           

        CLASS   CONFIG         
                config                             2007     2007        1         4

        CLASS   IDLOC          

        CLASS   EEDATA         

        CLASS   BANK3          

        CLASS   STACK          



SEGMENTS        Name                           Load    Length   Top    Selector   Space  Class     Delta

                reset_vec                      000000  000002  000002         0       0  CODE        2
                intentry                       000004  0001FE  000202         8       0  CODE        2
                cstackBANK0                    000020  00002B  00004B        20       1  BANK0       1
                cstackCOMMON                   000070  00000E  00007E        70       1  COMMON      1
                heap                           0000A0  000050  0000F0        A0       7  HEAP        1


UNUSED ADDRESS RANGES

        Name                Unused          Largest block    Delta
        BANK0            004B-006F             25           1
        BANK1            00A0-00EF             50           1
        BANK2            0120-016F             50           1
        CODE             0002-0003              2           2
                         0202-0FFF            5FE
        CONST            0002-0003              2           2
                         0202-0FFF            100
        EEDATA           2100-21FF            100           2
        ENTRY            0002-0003              2           2
                         0202-0FFF            100
        IDLOC            2000-2003              4           2
        RAM              004B-006F             25           1
                         00A0-00EF             50
                         0120-016F             50
        SFR0             0000-001F             20           1
        SFR1             0080-009F             20           1
        SFR2             0100-011F             20           1
        SFR3             0180-01EF             70           1
        STRCODE          0002-0003              2           2
                         0202-0FFF            DFE
        STRING           0002-0003              2           2
                         0202-0FFF            100

                                  Symbol Table

?___lwdiv                               cstackCOMMON 0076
?___wmul                                cstackCOMMON 0070
?___xxtofl                              cstackBANK0  0020
?_get_conversion_result                 cstackBANK0  002E
?_is_adc_conversion_done                cstackCOMMON 0070
_ADCON0bits                             (abs)        001F
_ADCON1bits                             (abs)        009F
_ADRESH                                 (abs)        001E
_ADRESL                                 (abs)        009E
_ANSEL                                  (abs)        011E
_ANSELHbits                             (abs)        011F
_INTCONbits                             (abs)        000B
_IOCBbits                               (abs)        0116
_OSCCONbits                             (abs)        008F
_PIE1bits                               (abs)        008C
_PIR1bits                               (abs)        000C
_PORTA                                  (abs)        0005
_PORTB                                  (abs)        0006
_PORTC                                  (abs)        0007
_TRISA                                  (abs)        0085
_TRISB                                  (abs)        0086
_TRISBbits                              (abs)        0086
_TRISC                                  (abs)        0087
__H__absolute__                         __absolute__ 0000
__Habs1                                 abs1         0000
__Hbank0                                bank0        0000
__Hbank1                                bank1        0000
__Hbank2                                bank2        0000
__Hbank3                                bank3        0000
__HbssBANK0                             bssBANK0     0000
__HbssCOMMON                            bssCOMMON    0000
__Hcinit                                cinit        0023
__Hclrtext                              clrtext      0000
__Hcode                                 code         0000
__Hcommon                               common       0000
__Hconfig                               config       2008
__HcstackBANK0                          cstackBANK0  0000
__HcstackCOMMON                         cstackCOMMON 0000
__Heeprom_data                          eeprom_data  0000
__Hend_init                             end_init     0011
__Hfunctab                              functab      0000
__Hheap                                 heap         00F0
__Hinit                                 init         000F
__Hintentry                             intentry     000F
__Hmaintext                             maintext     0000
__Hpowerup                              powerup      0000
__Hram                                  ram          0000
__Hreset_vec                            reset_vec    0002
__Hsfr0                                 sfr0         0000
__Hsfr1                                 sfr1         0000
__Hsfr2                                 sfr2         0000
__Hsfr3                                 sfr3         0000
__Hspace_0                              (abs)        0202
__Hspace_1                              (abs)        007E
__Hspace_2                              (abs)        0000
__Hspace_3                              (abs)        0000
__Hspace_4                              (abs)        400F
__Hstack                                stack        0000
__Hstrings                              strings      0000
__Htext                                 text         0000
__L__absolute__                         __absolute__ 0000
__Labs1                                 abs1         0000
__Lbank0                                bank0        0000
__Lbank1                                bank1        0000
__Lbank2                                bank2        0000
__Lbank3                                bank3        0000
__LbssBANK0                             bssBANK0     0000
__LbssCOMMON                            bssCOMMON    0000
__Lcinit                                cinit        0011
__Lclrtext                              clrtext      0000
__Lcode                                 code         0000
__Lcommon                               common       0000
__Lconfig                               config       0000
__LcstackBANK0                          cstackBANK0  0000
__LcstackCOMMON                         cstackCOMMON 0000
__Leeprom_data                          eeprom_data  0000
__Lend_init                             end_init     000F
__Lfunctab                              functab      0000
__Lheap                                 heap         00A0
__Linit                                 init         000F
__Lintentry                             intentry     0004
__Lmaintext                             maintext     0000
__Lpowerup                              powerup      0000
__Lram                                  ram          0000
__Lreset_vec                            reset_vec    0000
__Lsfr0                                 sfr0         0000
__Lsfr1                                 sfr1         0000
__Lsfr2                                 sfr2         0000
__Lsfr3                                 sfr3         0000
__Lspace_0                              (abs)        0000
__Lspace_1                              (abs)        0000
__Lspace_2                              (abs)        0000
__Lspace_3                              (abs)        0000
__Lspace_4                              (abs)        0000
__Lstack                                stack        0000
__Lstrings                              strings      0000
__Ltext                                 text         0000
__S0                                    (abs)        0202
__S1                                    (abs)        007E
__S3                                    (abs)        0000
__S7                                    (abs)        00F0
___heap_hi                              heap         00F0
___heap_lo                              heap         00A0
___int_sp                               stack        0000
___int_stack_hi                         stack        0000
___int_stack_lo                         stack        0000
___latbits                              (abs)        0001
___lwdiv                                text13       0124
___lwdiv@counter                        cstackCOMMON 007C
___lwdiv@dividend                       cstackCOMMON 0078
___lwdiv@divisor                        cstackCOMMON 0076
___lwdiv@quotient                       cstackCOMMON 007A
___sp                                   stack        0000
___stack_hi                             stack        0000
___stack_lo                             stack        0000
___stackhi                              (abs)        0000
___stacklo                              (abs)        0000
___wmul                                 text12       0168
___wmul@multiplicand                    cstackCOMMON 0072
___wmul@multiplier                      cstackCOMMON 0070
___wmul@product                         cstackCOMMON 0074
___xxtofl                               text11       0023
___xxtofl@arg                           cstackBANK0  002A
___xxtofl@exp                           cstackBANK0  0029
___xxtofl@sign                          cstackBANK0  0028
___xxtofl@val                           cstackBANK0  0020
__end_of___lwdiv                        text13       0168
__end_of___wmul                         text12       018D
__end_of___xxtofl                       text11       00DD
__end_of__initialization                cinit        0020
__end_of_get_conversion_result          text10       0124
__end_of_global_setup                   text5        0202
__end_of_is_adc_conversion_done         text9        01D4
__end_of_isr                            text6        01AA
__end_of_main                           maintext     01F1
__end_of_reset_adc_interrupt            text8        01F8
__end_of_setup_ADC                      text4        01BF
__end_of_setup_RB5                      text3        01E8
__end_of_start_adc_conversion           text2        01FC
__end_of_start_spectating_zero_crossing text1        01DE
__end_ofi1_start_adc_conversion         text7        0200
__initialization                        cinit        0011
__pbssBANK0                             bssBANK0     003F
__pbssCOMMON                            bssCOMMON    007D
__pcstackBANK0                          cstackBANK0  0020
__pcstackCOMMON                         cstackCOMMON 0070
__pintentry                             intentry     0004
__pmaintext                             maintext     01E8
__ptext1                                text1        01D4
__ptext10                               text10       00DD
__ptext11                               text11       0023
__ptext12                               text12       0168
__ptext13                               text13       0124
__ptext2                                text2        01F8
__ptext3                                text3        01DE
__ptext4                                text4        01AA
__ptext5                                text5        0200
__ptext6                                text6        018D
__ptext7                                text7        01FC
__ptext8                                text8        01F1
__ptext9                                text9        01BF
_errno                                  bssBANK0     0049
_get_conversion_result                  text10       00DD
_global_setup                           text5        0200
_is_adc_conversion_done                 text9        01BF
_is_adc_conversion_done$402             cstackCOMMON 0074
_isr                                    text6        018D
_main                                   maintext     01E8
_reset_adc_interrupt                    text8        01F1
_setup_ADC                              text4        01AA
_setup_RB5                              text3        01DE
_start_adc_conversion                   text2        01F8
_start_spectating_zero_crossing         text1        01D4
btemp                                   (abs)        007E
end_of_initialization                   cinit        0020
get_conversion_result@adc_res           cstackBANK0  003A
get_conversion_result@voltage           cstackBANK0  0036
i1_start_adc_conversion                 text7        01FC
interrupt_function                      intentry     0004
intlevel0                               functab      0000
intlevel1                               functab      0000
intlevel2                               functab      0000
intlevel3                               functab      0000
intlevel4                               functab      0000
intlevel5                               functab      0000
malloc@cur                              bssBANK0     0047
malloc@end                              bssBANK0     0045
malloc@lock                             bssBANK0     003F
reset_vec                               reset_vec    0000
saved_w                                 (abs)        007E
start                                   init         000F
start_initialization                    cinit        0011
wtemp0                                  (abs)        007E


MODULE INFORMATION

Module		Function		Class		Link	Load	Size
C:\Program Files\Microchip\xc8\v2.45\pic\sources\c99\common\Umul16.c
		___wmul        		CODE           	0168	0000	37

C:\Program Files\Microchip\xc8\v2.45\pic\sources\c99\common\Umul16.c estimated size: 37

shared
		__initialization		CODE           	0011	0000	15
		i1_start_adc_conversion		CODE           	01FC	0000	4

shared estimated size: 19

C:\Program Files\Microchip\xc8\v2.45\pic\sources\c99\common\xxtofl.c
		___xxtofl      		CODE           	0023	0000	186

C:\Program Files\Microchip\xc8\v2.45\pic\sources\c99\common\xxtofl.c estimated size: 186

main.c
		_main          		CODE           	01E8	0000	9
		_isr           		CODE           	018D	0000	29
		_global_setup  		CODE           	0200	0000	2

main.c estimated size: 40

task2/zero_crossing.c
		_start_adc_conversion		CODE           	01F8	0000	4
		_setup_ADC     		CODE           	01AA	0000	21
		_reset_adc_interrupt		CODE           	01F1	0000	7
		_get_conversion_result		CODE           	00DD	0000	71
		_start_spectating_zero_crossing		CODE           	01D4	0000	10
		_is_adc_conversion_done		CODE           	01BF	0000	21
		_setup_RB5     		CODE           	01DE	0000	10

task2/zero_crossing.c estimated size: 144

C:\Program Files\Microchip\xc8\v2.45\pic\sources\c99\common\lwdiv.c
		___lwdiv       		CODE           	0124	0000	68

C:\Program Files\Microchip\xc8\v2.45\pic\sources\c99\common\lwdiv.c estimated size: 68

